 
****************************************
Report : timing
        -path full
        -delay max
        -max_paths 1
Design : tpu_top
Version: G-2012.06-SP2
Date   : Thu Jan  7 05:06:03 2016
****************************************

 # A fanout number of 1000 was used for high fanout net computations.

Operating Conditions: worst_low   Library: NangateOpenCellLibrary_ss0p95vn40c
Wire Load Model Mode: top

  Startpoint: srstn (input port clocked by clk)
  Endpoint: systolic/matrix_mul_2D_reg[1][7][10]
            (rising edge-triggered flip-flop clocked by clk)
  Path Group: clk
  Path Type: max

  Des/Clust/Port     Wire Load Model       Library
  ------------------------------------------------
  tpu_top            5K_hvratio_1_1        NangateOpenCellLibrary_ss0p95vn40c

  Point                                                   Incr       Path
  --------------------------------------------------------------------------
  clock clk (rise edge)                                 0.0000     0.0000
  clock network delay (ideal)                           0.0000     0.0000
  input external delay                                  1.5050     1.5050 r
  srstn (in)                                            0.0000     1.5050 r
  U31/ZN (INV_X1)                                       0.0213     1.5263 f
  U32/ZN (INV_X1)                                       0.0259     1.5522 r
  systolic/srstn (systolic_ARRAY_SIZE8_SRAM_DATA_WIDTH32_DATA_WIDTH8)
                                                        0.0000     1.5522 r
  systolic/U11811/Z (CLKBUF_X1)                         0.0401     1.5922 r
  systolic/U16084/ZN (INV_X1)                           0.0244     1.6166 f
  systolic/U18369/ZN (INV_X1)                           0.0275     1.6441 r
  systolic/U18370/ZN (INV_X1)                           0.0244     1.6684 f
  systolic/U20624/ZN (NOR2_X1)                          0.0401     1.7086 r
  systolic/U20351/ZN (INV_X1)                           0.0295     1.7381 f
  systolic/U18177/ZN (INV_X1)                           0.0270     1.7651 r
  systolic/U11362/Z (CLKBUF_X1)                         0.0420     1.8071 r
  systolic/U13963/ZN (INV_X1)                           0.0236     1.8308 f
  systolic/U12302/Z (CLKBUF_X1)                         0.0371     1.8679 f
  systolic/U11361/Z (CLKBUF_X1)                         0.0431     1.9110 f
  systolic/U13961/ZN (INV_X1)                           0.0258     1.9368 r
  systolic/U12184/Z (CLKBUF_X1)                         0.0398     1.9765 r
  systolic/U17530/ZN (INV_X1)                           0.0236     2.0002 f
  systolic/U11821/Z (CLKBUF_X1)                         0.0396     2.0398 f
  systolic/U16149/ZN (INV_X1)                           0.0301     2.0699 r
  systolic/U11484/Z (CLKBUF_X1)                         0.0404     2.1103 r
  systolic/U14384/ZN (INV_X1)                           0.0256     2.1360 f
  systolic/U18698/ZN (INV_X1)                           0.0280     2.1639 r
  systolic/U20636/ZN (NOR2_X1)                          0.0264     2.1904 f
  systolic/U17567/ZN (INV_X1)                           0.0303     2.2207 r
  systolic/U17569/ZN (INV_X1)                           0.0258     2.2464 f
  systolic/U20155/ZN (INV_X1)                           0.0280     2.2744 r
  systolic/U17570/ZN (INV_X1)                           0.0257     2.3001 f
  systolic/U17571/ZN (INV_X1)                           0.0263     2.3265 r
  systolic/U11570/Z (CLKBUF_X1)                         0.0401     2.3666 r
  systolic/U14650/ZN (INV_X1)                           0.0244     2.3910 f
  systolic/U11571/Z (CLKBUF_X1)                         0.0400     2.4310 f
  systolic/U14651/ZN (INV_X1)                           0.0318     2.4628 r
  systolic/U20471/ZN (INV_X1)                           0.0213     2.4841 f
  systolic/U11980/Z (CLKBUF_X1)                         0.0377     2.5218 f
  systolic/U16829/ZN (INV_X1)                           0.0319     2.5537 r
  systolic/U19765/ZN (INV_X1)                           0.0258     2.5795 f
  systolic/U15282/ZN (INV_X1)                           0.0280     2.6075 r
  systolic/U15283/ZN (INV_X1)                           0.0257     2.6332 f
  systolic/U24010/ZN (OAI21_X1)                         0.0345     2.6677 r
  systolic/U4332/ZN (INV_X1)                            0.0231     2.6908 f
  systolic/U4333/ZN (INV_X1)                            0.0205     2.7113 r
  systolic/U4329/Z (BUF_X1)                             0.0266     2.7379 r
  systolic/matrix_mul_2D_reg[1][7][10]/D (DFF_X1)       0.0087     2.7466 r
  data arrival time                                                2.7466

  clock clk (rise edge)                                 3.0100     3.0100
  clock network delay (ideal)                           0.0000     3.0100
  clock uncertainty                                    -0.2000     2.8100
  systolic/matrix_mul_2D_reg[1][7][10]/CK (DFF_X1)      0.0000     2.8100 r
  library setup time                                   -0.0309     2.7791
  data required time                                               2.7791
  --------------------------------------------------------------------------
  data required time                                               2.7791
  data arrival time                                               -2.7466
  --------------------------------------------------------------------------
  slack (MET)                                                      0.0325


1
